// Vitest Snapshot v1, https://vitest.dev/guide/snapshot.html

exports[`PixelGrid visual baseline > breathing baseline 1`] = `
{
  "active": 483,
  "avgOpacity": 0.953,
  "avgSize": 1.634,
  "sample": [
    {
      "c": "#111827",
      "o": 1,
      "ox": 0,
      "oy": 0,
      "s": 0,
      "t": 0,
    },
    {
      "c": "#111827",
      "o": 1,
      "ox": 0,
      "oy": 0,
      "s": 0,
      "t": 0,
    },
    {
      "c": "#111827",
      "o": 1,
      "ox": 0,
      "oy": 0,
      "s": 0,
      "t": 0,
    },
    {
      "c": "#374151",
      "o": 1,
      "ox": 0,
      "oy": 0,
      "s": 0,
      "t": 0,
    },
    {
      "c": "#111827",
      "o": 1,
      "ox": 0,
      "oy": 0,
      "s": 0,
      "t": 0,
    },
    {
      "c": "#374151",
      "o": 1,
      "ox": 0,
      "oy": 0,
      "s": 0,
      "t": 0,
    },
    {
      "c": "#111827",
      "o": 1,
      "ox": 0,
      "oy": 0,
      "s": 0,
      "t": 0,
    },
    {
      "c": "#111827",
      "o": 1,
      "ox": 0,
      "oy": 0,
      "s": 0,
      "t": 0,
    },
    {
      "c": "#1f2937",
      "o": 1,
      "ox": 0,
      "oy": 0,
      "s": 0,
      "t": 0,
    },
    {
      "c": "#111827",
      "o": 1,
      "ox": 0,
      "oy": 0,
      "s": 0,
      "t": 0,
    },
    {
      "c": "#1f2937",
      "o": 1,
      "ox": 0,
      "oy": 0,
      "s": 0,
      "t": 0,
    },
    {
      "c": "#111827",
      "o": 1,
      "ox": 0,
      "oy": 0,
      "s": 0,
      "t": 0,
    },
    {
      "c": "#111827",
      "o": 1,
      "ox": 0,
      "oy": 0,
      "s": 0,
      "t": 0,
    },
    {
      "c": "#1f2937",
      "o": 1,
      "ox": 0,
      "oy": 0,
      "s": 0,
      "t": 0,
    },
    {
      "c": "#111827",
      "o": 1,
      "ox": 0,
      "oy": 0,
      "s": 0,
      "t": 0,
    },
    {
      "c": "#1f2937",
      "o": 1,
      "ox": 0,
      "oy": 0,
      "s": 0,
      "t": 0,
    },
    {
      "c": "#111827",
      "o": 1,
      "ox": 0,
      "oy": 0,
      "s": 0,
      "t": 0,
    },
    {
      "c": "#374151",
      "o": 1,
      "ox": 0,
      "oy": 0,
      "s": 0,
      "t": 0,
    },
    {
      "c": "#111827",
      "o": 1,
      "ox": 0,
      "oy": 0,
      "s": 0,
      "t": 0,
    },
    {
      "c": "#374151",
      "o": 1,
      "ox": 0,
      "oy": 0,
      "s": 0,
      "t": 0,
    },
    {
      "c": "#374151",
      "o": 1,
      "ox": 0,
      "oy": 0,
      "s": 0,
      "t": 0,
    },
    {
      "c": "#1f2937",
      "o": 1,
      "ox": 0,
      "oy": 0,
      "s": 0,
      "t": 0,
    },
    {
      "c": "#111827",
      "o": 1,
      "ox": 0,
      "oy": 0,
      "s": 0,
      "t": 0,
    },
    {
      "c": "#374151",
      "o": 1,
      "ox": 0,
      "oy": 0,
      "s": 0,
      "t": 0,
    },
    {
      "c": "#374151",
      "o": 1,
      "ox": 0,
      "oy": 0,
      "s": 0,
      "t": 0,
    },
    {
      "c": "#1f2937",
      "o": 1,
      "ox": 0,
      "oy": 0,
      "s": 0,
      "t": 0,
    },
    {
      "c": "#111827",
      "o": 1,
      "ox": 0,
      "oy": 0,
      "s": 0,
      "t": 0,
    },
    {
      "c": "#1f2937",
      "o": 1,
      "ox": 0,
      "oy": 0,
      "s": 0,
      "t": 0,
    },
  ],
}
`;

exports[`PixelGrid visual baseline > classic hover circle baseline 1`] = `
{
  "active": 285,
  "avgOpacity": 1,
  "avgSize": 0.771,
  "sample": [
    {
      "c": "#334155",
      "o": 1,
      "ox": 0,
      "oy": 0,
      "s": 0,
      "t": 0,
    },
    {
      "c": "#1e293b",
      "o": 1,
      "ox": 0,
      "oy": 0,
      "s": 0,
      "t": 0,
    },
    {
      "c": "#0f172a",
      "o": 1,
      "ox": 0,
      "oy": 0,
      "s": 0,
      "t": 0,
    },
    {
      "c": "#1e293b",
      "o": 1,
      "ox": 0,
      "oy": 0,
      "s": 0,
      "t": 0,
    },
    {
      "c": "#0f172a",
      "o": 1,
      "ox": 0,
      "oy": 0,
      "s": 0,
      "t": 0,
    },
    {
      "c": "#334155",
      "o": 1,
      "ox": 0,
      "oy": 0,
      "s": 0,
      "t": 0,
    },
    {
      "c": "#334155",
      "o": 1,
      "ox": 0,
      "oy": 0,
      "s": 0,
      "t": 0,
    },
    {
      "c": "#0f172a",
      "o": 1,
      "ox": 0,
      "oy": 0,
      "s": 0,
      "t": 0,
    },
    {
      "c": "#334155",
      "o": 1,
      "ox": 0,
      "oy": 0,
      "s": 0,
      "t": 0,
    },
    {
      "c": "#0f172a",
      "o": 1,
      "ox": 0,
      "oy": 0,
      "s": 0,
      "t": 0,
    },
    {
      "c": "#1e293b",
      "o": 1,
      "ox": 0,
      "oy": 0,
      "s": 0,
      "t": 0,
    },
    {
      "c": "#1e293b",
      "o": 1,
      "ox": 0,
      "oy": 0,
      "s": 0,
      "t": 0,
    },
    {
      "c": "#1e293b",
      "o": 1,
      "ox": 0,
      "oy": 0,
      "s": 0,
      "t": 0,
    },
    {
      "c": "#1e293b",
      "o": 1,
      "ox": 0,
      "oy": 0,
      "s": 0,
      "t": 0,
    },
    {
      "c": "#0f172a",
      "o": 1,
      "ox": 0,
      "oy": 0,
      "s": 0,
      "t": 0,
    },
    {
      "c": "#0f172a",
      "o": 1,
      "ox": 0,
      "oy": 0,
      "s": 0,
      "t": 0,
    },
    {
      "c": "#334155",
      "o": 1,
      "ox": 0,
      "oy": 0,
      "s": 0,
      "t": 0,
    },
    {
      "c": "#0f172a",
      "o": 1,
      "ox": 0,
      "oy": 0,
      "s": 0,
      "t": 0,
    },
    {
      "c": "#0f172a",
      "o": 1,
      "ox": 0,
      "oy": 0,
      "s": 0,
      "t": 0,
    },
    {
      "c": "#0f172a",
      "o": 1,
      "ox": 0,
      "oy": 0,
      "s": 0,
      "t": 0,
    },
    {
      "c": "#1e293b",
      "o": 1,
      "ox": 0,
      "oy": 0,
      "s": 0,
      "t": 0,
    },
    {
      "c": "#0f172a",
      "o": 1,
      "ox": 0,
      "oy": 0,
      "s": 0,
      "t": 0,
    },
    {
      "c": "#0f172a",
      "o": 1,
      "ox": 0,
      "oy": 0,
      "s": 0,
      "t": 0,
    },
    {
      "c": "#334155",
      "o": 1,
      "ox": 0,
      "oy": 0,
      "s": 0,
      "t": 0,
    },
    {
      "c": "#0f172a",
      "o": 1,
      "ox": 0,
      "oy": 0,
      "s": 0,
      "t": 0,
    },
    {
      "c": "#1e293b",
      "o": 1,
      "ox": 0,
      "oy": 0,
      "s": 0,
      "t": 0,
    },
    {
      "c": "#334155",
      "o": 1,
      "ox": 0,
      "oy": 0,
      "s": 0,
      "t": 0,
    },
    {
      "c": "#334155",
      "o": 1,
      "ox": 0,
      "oy": 0,
      "s": 0,
      "t": 0,
    },
  ],
}
`;

exports[`PixelGrid visual baseline > reactive hover + ripple baseline 1`] = `
{
  "active": 513,
  "avgOpacity": 1,
  "avgSize": 2.138,
  "sample": [
    {
      "c": "#64748b",
      "o": 1,
      "ox": 0,
      "oy": 0,
      "s": 0,
      "t": 0,
    },
    {
      "c": "#cbd5e1",
      "o": 1,
      "ox": 0,
      "oy": 0,
      "s": 0,
      "t": 0,
    },
    {
      "c": "#64748b",
      "o": 1,
      "ox": 0,
      "oy": 0,
      "s": 0,
      "t": 0,
    },
    {
      "c": "#64748b",
      "o": 1,
      "ox": 0,
      "oy": 0,
      "s": 0,
      "t": 0,
    },
    {
      "c": "#64748b",
      "o": 1,
      "ox": 0,
      "oy": 0,
      "s": 0,
      "t": 0,
    },
    {
      "c": "#64748b",
      "o": 1,
      "ox": 0,
      "oy": 0,
      "s": 0,
      "t": 0,
    },
    {
      "c": "#cbd5e1",
      "o": 1,
      "ox": 0,
      "oy": 0,
      "s": 0,
      "t": 0,
    },
    {
      "c": "#64748b",
      "o": 1,
      "ox": 0,
      "oy": 0,
      "s": 0,
      "t": 0,
    },
    {
      "c": "#cbd5e1",
      "o": 1,
      "ox": 0,
      "oy": 0,
      "s": 0,
      "t": 0,
    },
    {
      "c": "#64748b",
      "o": 1,
      "ox": 0,
      "oy": 0,
      "s": 0,
      "t": 0,
    },
    {
      "c": "#cbd5e1",
      "o": 1,
      "ox": 0,
      "oy": 0,
      "s": 0,
      "t": 0,
    },
    {
      "c": "#cbd5e1",
      "o": 1,
      "ox": 0,
      "oy": 0,
      "s": 0,
      "t": 0,
    },
    {
      "c": "#cbd5e1",
      "o": 1,
      "ox": 0,
      "oy": 0,
      "s": 0,
      "t": 0,
    },
    {
      "c": "#64748b",
      "o": 1,
      "ox": 0,
      "oy": 0,
      "s": 0,
      "t": 0,
    },
    {
      "c": "#cbd5e1",
      "o": 1,
      "ox": 0,
      "oy": 0,
      "s": 0,
      "t": 0,
    },
    {
      "c": "#64748b",
      "o": 1,
      "ox": 0,
      "oy": 0,
      "s": 0,
      "t": 0,
    },
    {
      "c": "#64748b",
      "o": 1,
      "ox": 0,
      "oy": 0,
      "s": 0,
      "t": 0,
    },
    {
      "c": "#cbd5e1",
      "o": 1,
      "ox": 0,
      "oy": 0,
      "s": 0,
      "t": 0,
    },
    {
      "c": "#94a3b8",
      "o": 1,
      "ox": 0,
      "oy": 0,
      "s": 0,
      "t": 0,
    },
    {
      "c": "#cbd5e1",
      "o": 1,
      "ox": 0,
      "oy": 0,
      "s": 0,
      "t": 0,
    },
    {
      "c": "#cbd5e1",
      "o": 1,
      "ox": 0,
      "oy": 0,
      "s": 0,
      "t": 0,
    },
    {
      "c": "#94a3b8",
      "o": 1,
      "ox": 0,
      "oy": 0,
      "s": 0,
      "t": 0,
    },
    {
      "c": "#64748b",
      "o": 1,
      "ox": 0,
      "oy": 0,
      "s": 0,
      "t": 0,
    },
    {
      "c": "#94a3b8",
      "o": 1,
      "ox": 0,
      "oy": 0,
      "s": 0,
      "t": 0,
    },
    {
      "c": "#64748b",
      "o": 1,
      "ox": 0,
      "oy": 0,
      "s": 0,
      "t": 0,
    },
    {
      "c": "#cbd5e1",
      "o": 1,
      "ox": 0,
      "oy": 0,
      "s": 0,
      "t": 0,
    },
    {
      "c": "#94a3b8",
      "o": 1,
      "ox": 0,
      "oy": 0,
      "s": 0,
      "t": 0,
    },
    {
      "c": "#64748b",
      "o": 1,
      "ox": 0,
      "oy": 0,
      "s": 0,
      "t": 0,
    },
  ],
}
`;
